error: `camo` does not support this type
 --> tests/fail/trait_object.rs:5:8
  |
5 |     x: dyn std::fmt::Debug,
  |        ^^^
