error: `camo` does not support unions
 --> tests/fail/union.rs:4:1
  |
4 | union Foo {
  | ^^^^^
